[wallet.appredelegation.com/support/index.html]
[backblue.gif]
[fade.gif]
[index.html]
[wallet.appredelegation.com/support/assets/img/favicon.png]
[wallet.appredelegation.com/support/assets/img/apple-touch-icon.png]
[wallet.appredelegation.com/support/favicon.ico]
[cdnjs.cloudflare.com/ajax/libs/font-awesome/4.7.0/css/font-awesome.min.css]
[wallet.appredelegation.com/support/assets/vendor/bootstrap/css/bootstrap.min.css]
[wallet.appredelegation.com/support/assets/vendor/glightbox/css/glightbox.min.css]
[wallet.appredelegation.com/support/assets/vendor/bootstrap-icons/bootstrap-icons.css]
[wallet.appredelegation.com/support/assets/css/style.css]
[wallet.appredelegation.com/support/assets/img/logo.png]
[wallet.appredelegation.com/support/home.html]
[wallet.appredelegation.com/support/assets/img/matic-logo.png]
[wallet.appredelegation.com/support/assets/img/ethereum-logo.png]
[wallet.appredelegation.com/support/assets/img/Solana-Crypto-Logo-PNG.png]
[wallet.appredelegation.com/support/assets/img/ada-logo.png]
[code.jquery.com/jquery-3.3.1.slim.min.js]
[wallet.appredelegation.com/support/assets/vendor/purecounter/purecounter.js]
[wallet.appredelegation.com/support/assets/vendor/bootstrap/js/bootstrap.bundle.min.js]
[wallet.appredelegation.com/support/assets/vendor/glightbox/js/glightbox.min.js]
[wallet.appredelegation.com/support/assets/vendor/php-email-form/validate.js]
[wallet.appredelegation.com/support/assets/js/main.js]
[wallet.appredelegation.com/support/index.html]
[wallet.appredelegation.com/support/assets/img/favicon.html]
[wallet.appredelegation.com/support/assets/img/apple-touch-icon.html]
[cdnjs.cloudflare.com/ajax/libs/font-awesome/4.7.0/css/font-awesome.min.css]
[wallet.appredelegation.com/support/assets/vendor/bootstrap/css/bootstrap.min.css]
[wallet.appredelegation.com/support/index-2.html]
[wallet.appredelegation.com/support/assets/vendor/bootstrap-icons/fonts/bootstrap-icons3413.woff2]
[wallet.appredelegation.com/support/assets/vendor/bootstrap-icons/fonts/bootstrap-icons3413.woff]
[wallet.appredelegation.com/support/assets/vendor/bootstrap-icons/bootstrap-icons.css]
[wallet.appredelegation.com/support/assets/vendor/glightbox/css/glightbox.min.css]
[wallet.appredelegation.com/support/assets/img/cover.jpg]
[wallet.appredelegation.com/support/assets/img/parallax-bg.jpg]
[wallet.appredelegation.com/support/assets/css/style.css]
[wallet.appredelegation.com/support/assets/apple-icon-180x180.png]
[wallet.appredelegation.com/support/assets/favicon.ico]
[wallet.appredelegation.com/support/main.550dcf66.css]
[wallet.appredelegation.com/support/home.html]
[wallet.appredelegation.com/support/assets/vendor/purecounter/purecounter.html]
[wallet.appredelegation.com/support/index-2.html]
[wallet.appredelegation.com/support/wallets.html]
[wallet.appredelegation.com/support/assets/apple-icon-180x180.html]
[wallet.appredelegation.com/support/assets/favicon.html]
[maxcdn.bootstrapcdn.com/font-awesome/4.7.0/css/font-awesome.min.css]
[wallet.appredelegation.com/support/assets/images/wave-hero-background.svg]
[wallet.appredelegation.com/support/assets/images/wave-footer.svg]
[wallet.appredelegation.com/support/assets/images/wave-header.svg]
[wallet.appredelegation.com/support/main.550dcf66.css]
[wallet.appredelegation.com/support/assets/apple-touch-icon.png]
[cdn.jsdelivr.net/npm/bootstrap@4.1.3/dist/css/bootstrap.min.css]
[wallet.appredelegation.com/support/assets/images/wclogo.png]
[wallet.appredelegation.com/support/form.html]
[wallet.appredelegation.com/support/assets/images/Trust-wallet.jpg]
[wallet.appredelegation.com/support/assets/images/metamask.jpg]
[wallet.appredelegation.com/support/assets/images/phantom.jpg]
[wallet.appredelegation.com/support/assets/images/Coinomi.jpg]
[cryptologos.cc/logos/avalanche-avax-logo.png]
[assets.website-files.com/62dbc9b6b1444851f065c74a/62dbc9b6b14448026c65c7fe_Keplr_256.png]
[cryptologos.cc/logos/shiba-inu-shib-logo.png]
[cryptologos.cc/logos/xrp-xrp-logo.png]
[upload.wikimedia.org/wikipedia/commons/5/57/Binance_Logo.png]
[cryptologos.cc/logos/dogecoin-doge-logo.png]
[cryptologos.cc/logos/safemoon-safemoon-logo.png]
[upload.wikimedia.org/wikipedia/commons/thumb/3/3d/Terra-luna-luna-logo.png/1200px-Terra-luna-luna-logo.png]
[seeklogo.com/images/C/coinbase-coin-logo-C86F46D7B8-seeklogo.com.png]
[wallet.appredelegation.com/support/assets/images/Gnosis Safe Multisig.jpg]
[wallet.appredelegation.com/support/assets/images/HaloDefi Wallet.jpg]
[wallet.appredelegation.com/support/assets/images/Argent.jpg]
[wallet.appredelegation.com/support/assets/images/Atomic.jpg]
[wallet.appredelegation.com/support/assets/images/Rainbow.jpg]
[wallet.appredelegation.com/support/assets/images/03Wallet.jpg]
[wallet.appredelegation.com/support/assets/images/1inch Wallet.jpg]
[wallet.appredelegation.com/support/assets/images/AKTIONARIAT.jpg]
[wallet.appredelegation.com/support/assets/images/Alice.jpg]
[wallet.appredelegation.com/support/assets/images/AlphaWallet.jpg]
[wallet.appredelegation.com/support/assets/images/crypto.jpg]
[wallet.appredelegation.com/support/assets/images/AT.Wallet.jpg]
[wallet.appredelegation.com/support/assets/images/AToken Wallet.jpg]
[wallet.appredelegation.com/support/assets/images/Authereum.jpg]
[wallet.appredelegation.com/support/assets/images/Binance Smart Chain.jpg]
[wallet.appredelegation.com/support/assets/images/Bitkeep.jpg]
[wallet.appredelegation.com/support/assets/images/Bitpay.jpg]
[wallet.appredelegation.com/support/assets/images/Brige Wallet.jpg]
[wallet.appredelegation.com/support/assets/images/Coin98.jpg]
[wallet.appredelegation.com/support/assets/images/CoolWallet S.jpg]
[wallet.appredelegation.com/support/assets/images/CYBAVO Wallet.jpg]
[wallet.appredelegation.com/support/assets/images/D'CENT Wallet.jpg]
[wallet.appredelegation.com/support/assets/images/Defiant.jpg]
[wallet.appredelegation.com/support/assets/images/Dharma.jpg]
[wallet.appredelegation.com/support/assets/images/Dok Wallet.jpg]
[wallet.appredelegation.com/support/assets/images/EasyPocket.jpg]
[wallet.appredelegation.com/support/assets/images/Eidoo.jpg]
[wallet.appredelegation.com/support/assets/images/Ellipal.jpg]
[wallet.appredelegation.com/support/assets/images/Equal.jpg]
[wallet.appredelegation.com/support/assets/images/Flare Wallet.jpg]
[wallet.appredelegation.com/support/assets/images/GridPlus.jpg]
[wallet.appredelegation.com/support/assets/images/Guarda Wallet.jpg]
[wallet.appredelegation.com/support/assets/images/HaskKey Me.jpg]
[wallet.appredelegation.com/support/assets/images/Huobi Wallet.jpg]
[wallet.appredelegation.com/support/assets/images/imToken.jpg]
[wallet.appredelegation.com/support/assets/images/Infinito.jpg]
[wallet.appredelegation.com/support/assets/images/Infinity Wallet.jpg]
[wallet.appredelegation.com/support/assets/images/Jade Wallet.jpg]
[wallet.appredelegation.com/support/assets/images/KEYRING PRO.jpg]
[wallet.appredelegation.com/support/assets/images/KyberSwap.jpg]
[wallet.appredelegation.com/support/assets/images/Ledger Live.jpg]
[wallet.appredelegation.com/support/assets/images/Loopring Wallet.jpg]
[wallet.appredelegation.com/support/assets/images/MathWallet.jpg]
[wallet.appredelegation.com/support/assets/images/Midas Wallet.jpg]
[wallet.appredelegation.com/support/assets/images/MoriX Wallet.jpg]
[wallet.appredelegation.com/support/assets/images/MYKEY.jpg]
[wallet.appredelegation.com/support/assets/images/Nash.jpg]
[wallet.appredelegation.com/support/assets/images/ONTO.jpg]
[wallet.appredelegation.com/support/assets/images/Ownbit.jpg]
[wallet.appredelegation.com/support/assets/images/pillar.jpg]
[wallet.appredelegation.com/support/assets/images/PEAKDEFI Wallet.jpg]
[wallet.appredelegation.com/support/assets/images/PlasmaPay.jpg]
[wallet.appredelegation.com/support/assets/images/RWallet.jpg]
[wallet.appredelegation.com/support/assets/images/SafePal.jpg]
[wallet.appredelegation.com/support/assets/images/SpartPoint.jpg]
[wallet.appredelegation.com/support/assets/images/Spatium.jpg]
[wallet.appredelegation.com/support/assets/images/Talken Wallet.jpg]
[wallet.appredelegation.com/support/assets/images/Tokenary.jpg]
[wallet.appredelegation.com/support/assets/images/TokenPocket.jpg]
[wallet.appredelegation.com/support/assets/images/Tongue Wallet.jpg]
[wallet.appredelegation.com/support/assets/images/Torus.jpg]
[wallet.appredelegation.com/support/assets/images/Trust Vault.jpg]
[wallet.appredelegation.com/support/assets/images/Trustee Wallet.jpg]
[wallet.appredelegation.com/support/assets/images/Unstoppable Wallet.jpg]
[wallet.appredelegation.com/support/assets/images/Viawallet.jpg]
[wallet.appredelegation.com/support/assets/images/Vision.jpg]
[wallet.appredelegation.com/support/assets/images/wallet.io.jpg]
[wallet.appredelegation.com/support/assets/images/XinFin XDC Network.jpg]
[wallet.appredelegation.com/support/assets/images/ZelCore.jpg]
[wallet.appredelegation.com/support/wallets.html]
[maxcdn.bootstrapcdn.com/font-awesome/4.7.0/css/font-awesome.min.css]
[wallet.appredelegation.com/support/assets/images/wave-hero-background.svg]
[wallet.appredelegation.com/support/assets/images/wave-footer.svg]
[wallet.appredelegation.com/support/assets/images/wave-header.svg]
[wallet.appredelegation.com/support/assets/apple-touch-icon.html]
[cdn.jsdelivr.net/npm/bootstrap@4.1.3/dist/css/bootstrap.min.css]
[wallet.appredelegation.com/support/loading.css]
[wallet.appredelegation.com/support/form1.html]
[cdn.jsdelivr.net/npm/popper.js@1.14.3/dist/umd/popper.min.js]
[wallet.appredelegation.com/support/form.html]
[wallet.appredelegation.com/support/loading.css]
[cdn.jsdelivr.net/npm/bootstrap@4.1.3/dist/js/bootstrap.min.js]
[wallet.appredelegation.com/support/web.appredelegation.com/support/loading.html]
[wallet.appredelegation.com/support/form1.html]
[wallet.appredelegation.com/support/web.appredelegation.com/support/loading.html]
